
> cobee-playground@1.0.0 test
> npm run compile && node ./out/test/runTest.js


> cobee-playground@1.0.0 compile
> tsc -p ./

- Resolving version...
✔ Validated version: 1.111.0
✔ Found existing install in /home/wikan/Documents/Jobs/cobee-support/js-playground-vscode/.vscode-test/vscode-linux-x64-1.111.0
[90m[main 2026-03-14T03:46:41.279Z][0m update#setState disabled
[90m[main 2026-03-14T03:46:41.280Z][0m update#ctor - updates are disabled by the environment
Started local extension host with pid 27672.
Loading development extension at /home/wikan/Documents/Jobs/cobee-support/js-playground-vscode
MCP Registry configured: https://api.mcp.github.com
Settings Sync: Account status changed from uninitialized to unavailable
[0m[0m
[0m  Extension Test Suite[0m
  [32m  ✔[0m[90m Extension should be present[0m
  [32m  ✔[0m[90m Should register commands[0m[31m (206ms)[0m
  [32m  ✔[0m[90m Should activate and run[0m[31m (133ms)[0m
[92m [0m[32m 3 passing[0m[90m (2s)[0m
[90m[main 2026-03-14T03:46:49.717Z][0m Extension host with pid 27672 exited with code: 0, signal: unknown.
[91m[main 2026-03-14T03:46:49.781Z][0m Blocked vscode-file request vscode-file://vscode-app/home/wikan/Documents/Jobs/cobee-support/js-playground-vscode/media/icon.svg
Exit code:   0
